---------------------------------------------------
System Health Report - Tue Jan 28 14:38:36 IST 2025
---------------------------------------------------
### CPU Details ###
%Cpu(s):  0.0 us,  0.0 sy,  0.0 ni,100.0 id,  0.0 wa,  0.0 hi,  0.0 si,  0.0 st
---------------------------------------------------
### Memory Details ###
               total        used        free      shared  buff/cache   available
Mem:           3.5Gi       285Mi       2.9Gi       0.0Ki       333Mi       3.1Gi
Swap:          1.0Gi          0B       1.0Gi
---------------------------------------------------
### Disk Details ###
Filesystem      Size  Used Avail Use% Mounted on
/dev/sdc        251G  2.4G  236G   1% /
none            1.8G   48K  1.8G   1% /mnt/wslg
none            1.8G  4.0K  1.8G   1% /mnt/wsl
tools           376G  260G  116G  70% /init
none            1.8G     0  1.8G   0% /run
none            1.8G     0  1.8G   0% /run/lock
none            1.8G     0  1.8G   0% /run/shm
none            1.8G     0  1.8G   0% /run/user
tmpfs           1.8G     0  1.8G   0% /sys/fs/cgroup
drivers         376G  260G  116G  70% /usr/lib/wsl/drivers
lib             376G  260G  116G  70% /usr/lib/wsl/lib
none            1.8G   76K  1.8G   1% /mnt/wslg/versions.txt
none            1.8G   76K  1.8G   1% /mnt/wslg/doc
drvfs           376G  260G  116G  70% /mnt/c
drvfs           100G   20G   81G  20% /mnt/d
---------------------------------------------------
### Network Activity ###
        RX packets 16970  bytes 62087315 (62.0 MB)
        RX packets 5176  bytes 38255340 (38.2 MB)
        TX packets 7538  bytes 518115 (518.1 KB)
        TX packets 5176  bytes 38255340 (38.2 MB)
---------------------------------------------------
### Top 10 CPU-Consuming Processes ###
  PID  PPID CMD                         %MEM %CPU
    1     0 /init                        0.0  0.0
    7     1 /init                        0.0  0.0
    8     7 /init                        0.0  0.0
    9     8 -bash                        0.1  0.0
 1113     9 /bin/bash ./sys_health.sh    0.1  0.0
 1124  1113 ps -eo pid,ppid,cmd,%mem,%c  0.0  0.0
 1125  1113 head -11                     0.0  0.0
---------------------------------------------------
### Top 5 Memory-Consuming Processes ###
  PID  PPID CMD                         %MEM %CPU
    9     8 -bash                        0.1  0.0
 1113     9 /bin/bash ./sys_health.sh    0.1  0.0
 1126  1113 ps -eo pid,ppid,cmd,%mem,%c  0.0  0.0
    1     0 /init                        0.0  0.0
    8     7 /init                        0.0  0.0
---------------------------------------------------
### System Uptime ###
 14:38:36 up  6:27,  0 users,  load average: 0.04, 0.03, 0.00
---------------------------------------------------
